<html>
<body>
<pre>
<h1>µVision Build Log</h1>
<h2>Tool Versions:</h2>
IDE-Version: µVision V5.25.2.0
Copyright (C) 2018 ARM Ltd and ARM Germany GmbH. All rights reserved.
License Information: saba em, fum, LIC=YA330-BLA1F-AQE0M-XW6TE-5LI21-MGCP3
 
Tool Versions:
Toolchain:       MDK-ARM Plus  Version: 5.25.2.0
Toolchain Path:  E:\Keil_v5\ARM\ARMCC\Bin
C Compiler:      Armcc.exe V5.06 update 6 (build 750)
Assembler:       Armasm.exe V5.06 update 6 (build 750)
Linker/Locator:  ArmLink.exe V5.06 update 6 (build 750)
Library Manager: ArmAr.exe V5.06 update 6 (build 750)
Hex Converter:   FromElf.exe V5.06 update 6 (build 750)
CPU DLL:         SARMCM3.DLL V5.25.2.0
Dialog DLL:      DCM.DLL V1.17.1.0
Target DLL:      STLink\ST-LINKIII-KEIL_SWO.dll V3.0.1.0
Dialog DLL:      TCM.DLL V1.35.1.0
 
<h2>Project:</h2>
C:\Users\ITPardaz\Documents\rizprojet\MDK-ARM\rizprojet.uvprojx
Project File Date:  07/08/2020

<h2>Output:</h2>
*** Using Compiler 'V5.06 update 6 (build 750)', folder: 'E:\Keil_v5\ARM\ARMCC\Bin'
Rebuild target 'rizprojet'
assembling startup_stm32f401xc.s...
compiling stm32f4xx_hal_gpio.c...
compiling stm32f4xx_hal_flash_ex.c...
compiling stm32f4xx_hal.c...
compiling stm32f4xx_hal_dma_ex.c...
compiling stm32f4xx_hal_dma.c...
compiling stm32f4xx_hal_rcc.c...
compiling stm32f4xx_hal_tim.c...
compiling stm32f4xx_hal_pwr.c...
compiling stm32f4xx_hal_pwr_ex.c...
compiling stm32f4xx_hal_rcc_ex.c...
compiling stm32f4xx_hal_tim_ex.c...
compiling stm32f4xx_hal_cortex.c...
compiling stm32f4xx_hal_flash_ramfunc.c...
compiling stm32f4xx_hal_flash.c...
compiling stm32f4xx_hal_uart.c...
compiling stm32f4xx_hal_msp.c...
compiling system_stm32f4xx.c...
compiling stm32f4xx_it.c...
../Src/stm32f4xx_it.c(54): warning:  #188-D: enumerated type mixed with another type
  HAL_GPIO_WritePin(GPIOD,GPIO_PIN_7,x1);
../Src/stm32f4xx_it.c(55): warning:  #188-D: enumerated type mixed with another type
  HAL_GPIO_WritePin(GPIOD,GPIO_PIN_8,x2);
../Src/stm32f4xx_it.c(56): warning:  #188-D: enumerated type mixed with another type
  HAL_GPIO_WritePin(GPIOD,GPIO_PIN_9,x3);
../Src/stm32f4xx_it.c(57): warning:  #188-D: enumerated type mixed with another type
  HAL_GPIO_WritePin(GPIOD,GPIO_PIN_10,x4);
../Src/stm32f4xx_it.c(233): warning:  #188-D: enumerated type mixed with another type
  	HAL_GPIO_WritePin(GPIOB,GPIO_PIN_5,0);
../Src/stm32f4xx_it.c(234): warning:  #188-D: enumerated type mixed with another type
  	HAL_GPIO_WritePin(GPIOB,GPIO_PIN_0,0);
../Src/stm32f4xx_it.c(237): warning:  #188-D: enumerated type mixed with another type
  	HAL_GPIO_WritePin(GPIOB,GPIO_PIN_1,1);
../Src/stm32f4xx_it.c(238): warning:  #188-D: enumerated type mixed with another type
  	HAL_GPIO_WritePin(GPIOB,GPIO_PIN_2,1);
../Src/stm32f4xx_it.c(239): warning:  #188-D: enumerated type mixed with another type
  	HAL_GPIO_WritePin(GPIOB,GPIO_PIN_3,1);
../Src/stm32f4xx_it.c(240): warning:  #188-D: enumerated type mixed with another type
  	HAL_GPIO_WritePin(GPIOB,GPIO_PIN_4,1);
../Src/stm32f4xx_it.c(263): warning:  #188-D: enumerated type mixed with another type
  	HAL_GPIO_WritePin(GPIOB,GPIO_PIN_3,0);	
../Src/stm32f4xx_it.c(264): warning:  #188-D: enumerated type mixed with another type
  	HAL_GPIO_WritePin(GPIOB,GPIO_PIN_1,0);
../Src/stm32f4xx_it.c(266): warning:  #188-D: enumerated type mixed with another type
  	HAL_GPIO_WritePin(GPIOB,GPIO_PIN_5,1);
../Src/stm32f4xx_it.c(267): warning:  #188-D: enumerated type mixed with another type
  	HAL_GPIO_WritePin(GPIOB,GPIO_PIN_0,1);
../Src/stm32f4xx_it.c(268): warning:  #188-D: enumerated type mixed with another type
  	HAL_GPIO_WritePin(GPIOB,GPIO_PIN_2,1);
../Src/stm32f4xx_it.c(270): warning:  #188-D: enumerated type mixed with another type
  	HAL_GPIO_WritePin(GPIOB,GPIO_PIN_4,1);
../Src/stm32f4xx_it.c(292): warning:  #188-D: enumerated type mixed with another type
  	HAL_GPIO_WritePin(GPIOB,GPIO_PIN_3,0);
../Src/stm32f4xx_it.c(293): warning:  #188-D: enumerated type mixed with another type
  	HAL_GPIO_WritePin(GPIOB,GPIO_PIN_2,0);
../Src/stm32f4xx_it.c(295): warning:  #188-D: enumerated type mixed with another type
  	HAL_GPIO_WritePin(GPIOB,GPIO_PIN_5,1);
../Src/stm32f4xx_it.c(296): warning:  #188-D: enumerated type mixed with another type
  	HAL_GPIO_WritePin(GPIOB,GPIO_PIN_1,1);
../Src/stm32f4xx_it.c(297): warning:  #188-D: enumerated type mixed with another type
  	HAL_GPIO_WritePin(GPIOB,GPIO_PIN_0,1);
../Src/stm32f4xx_it.c(299): warning:  #188-D: enumerated type mixed with another type
  	HAL_GPIO_WritePin(GPIOB,GPIO_PIN_4,1);
../Src/stm32f4xx_it.c(321): warning:  #188-D: enumerated type mixed with another type
  	HAL_GPIO_WritePin(GPIOB,GPIO_PIN_2,0);
../Src/stm32f4xx_it.c(322): warning:  #188-D: enumerated type mixed with another type
  	HAL_GPIO_WritePin(GPIOB,GPIO_PIN_3,0);
../Src/stm32f4xx_it.c(324): warning:  #188-D: enumerated type mixed with another type
  	HAL_GPIO_WritePin(GPIOB,GPIO_PIN_5,1);
../Src/stm32f4xx_it.c(325): warning:  #188-D: enumerated type mixed with another type
  	HAL_GPIO_WritePin(GPIOB,GPIO_PIN_1,1);
../Src/stm32f4xx_it.c(327): warning:  #188-D: enumerated type mixed with another type
  	HAL_GPIO_WritePin(GPIOB,GPIO_PIN_0,1);
../Src/stm32f4xx_it.c(328): warning:  #188-D: enumerated type mixed with another type
  	HAL_GPIO_WritePin(GPIOB,GPIO_PIN_4,1);
../Src/stm32f4xx_it.c(350): warning:  #188-D: enumerated type mixed with another type
  	HAL_GPIO_WritePin(GPIOB,GPIO_PIN_0,0);
../Src/stm32f4xx_it.c(351): warning:  #188-D: enumerated type mixed with another type
  	HAL_GPIO_WritePin(GPIOB,GPIO_PIN_4,0);
../Src/stm32f4xx_it.c(353): warning:  #188-D: enumerated type mixed with another type
  	HAL_GPIO_WritePin(GPIOB,GPIO_PIN_5,1);
../Src/stm32f4xx_it.c(354): warning:  #188-D: enumerated type mixed with another type
  	HAL_GPIO_WritePin(GPIOB,GPIO_PIN_1,1);
../Src/stm32f4xx_it.c(355): warning:  #188-D: enumerated type mixed with another type
  	HAL_GPIO_WritePin(GPIOB,GPIO_PIN_2,1);
../Src/stm32f4xx_it.c(357): warning:  #188-D: enumerated type mixed with another type
  	HAL_GPIO_WritePin(GPIOB,GPIO_PIN_3,1);
../Src/stm32f4xx_it.c(379): warning:  #188-D: enumerated type mixed with another type
  	HAL_GPIO_WritePin(GPIOB,GPIO_PIN_0,0);
../Src/stm32f4xx_it.c(380): warning:  #188-D: enumerated type mixed with another type
  	HAL_GPIO_WritePin(GPIOB,GPIO_PIN_5,0);
../Src/stm32f4xx_it.c(382): warning:  #188-D: enumerated type mixed with another type
  	HAL_GPIO_WritePin(GPIOB,GPIO_PIN_3,1);
../Src/stm32f4xx_it.c(383): warning:  #188-D: enumerated type mixed with another type
  	HAL_GPIO_WritePin(GPIOB,GPIO_PIN_1,1);
../Src/stm32f4xx_it.c(384): warning:  #188-D: enumerated type mixed with another type
  	HAL_GPIO_WritePin(GPIOB,GPIO_PIN_2,1);
../Src/stm32f4xx_it.c(386): warning:  #188-D: enumerated type mixed with another type
  	HAL_GPIO_WritePin(GPIOB,GPIO_PIN_4,1);
../Src/stm32f4xx_it.c(479): warning:  #188-D: enumerated type mixed with another type
  	HAL_GPIO_WritePin(GPIOD,GPIO_PIN_11,1);
../Src/stm32f4xx_it.c(481): warning:  #188-D: enumerated type mixed with another type
  	HAL_GPIO_WritePin(GPIOD,GPIO_PIN_11,0);
../Src/stm32f4xx_it.c(484): warning:  #188-D: enumerated type mixed with another type
  	HAL_GPIO_WritePin(GPIOD,GPIO_PIN_12,1);
../Src/stm32f4xx_it.c(486): warning:  #188-D: enumerated type mixed with another type
  	HAL_GPIO_WritePin(GPIOD,GPIO_PIN_12,0);
../Src/stm32f4xx_it.c(490): warning:  #188-D: enumerated type mixed with another type
  	HAL_GPIO_WritePin(GPIOD,GPIO_PIN_13,1);
../Src/stm32f4xx_it.c(492): warning:  #188-D: enumerated type mixed with another type
  	HAL_GPIO_WritePin(GPIOD,GPIO_PIN_13,0);
../Src/stm32f4xx_it.c(495): warning:  #188-D: enumerated type mixed with another type
  		HAL_GPIO_WritePin(GPIOD,GPIO_PIN_14,1);
../Src/stm32f4xx_it.c(497): warning:  #188-D: enumerated type mixed with another type
  	HAL_GPIO_WritePin(GPIOD,GPIO_PIN_14,0);
../Src/stm32f4xx_it.c(515): warning:  #188-D: enumerated type mixed with another type
  	HAL_GPIO_WritePin(GPIOB,GPIO_PIN_3,1);
../Src/stm32f4xx_it.c(516): warning:  #188-D: enumerated type mixed with another type
  	HAL_GPIO_WritePin(GPIOB,GPIO_PIN_5,1);
../Src/stm32f4xx_it.c(517): warning:  #188-D: enumerated type mixed with another type
  	HAL_GPIO_WritePin(GPIOB,GPIO_PIN_1,1);
../Src/stm32f4xx_it.c(518): warning:  #188-D: enumerated type mixed with another type
  	HAL_GPIO_WritePin(GPIOB,GPIO_PIN_2,1);
../Src/stm32f4xx_it.c(519): warning:  #188-D: enumerated type mixed with another type
  	HAL_GPIO_WritePin(GPIOB,GPIO_PIN_0,1);
../Src/stm32f4xx_it.c(520): warning:  #188-D: enumerated type mixed with another type
  	HAL_GPIO_WritePin(GPIOB,GPIO_PIN_4,1);
../Src/stm32f4xx_it.c: 54 warnings, 0 errors
compiling LiquidCrystal.c...
compiling main.c...
../Src/main.c(90): warning:  #188-D: enumerated type mixed with another type
  HAL_GPIO_WritePin(GPIOD,GPIO_PIN_7,x1);
../Src/main.c(91): warning:  #188-D: enumerated type mixed with another type
  HAL_GPIO_WritePin(GPIOD,GPIO_PIN_8,x2);
../Src/main.c(92): warning:  #188-D: enumerated type mixed with another type
  HAL_GPIO_WritePin(GPIOD,GPIO_PIN_9,x3);
../Src/main.c(93): warning:  #188-D: enumerated type mixed with another type
  HAL_GPIO_WritePin(GPIOD,GPIO_PIN_10,x4);
../Src/main.c(139): warning:  #188-D: enumerated type mixed with another type
  	HAL_GPIO_WritePin(GPIOD,GPIO_PIN_11,1);
../Src/main.c(141): warning:  #188-D: enumerated type mixed with another type
  	HAL_GPIO_WritePin(GPIOD,GPIO_PIN_11,0);
../Src/main.c(144): warning:  #188-D: enumerated type mixed with another type
  	HAL_GPIO_WritePin(GPIOD,GPIO_PIN_12,1);
../Src/main.c(146): warning:  #188-D: enumerated type mixed with another type
  	HAL_GPIO_WritePin(GPIOD,GPIO_PIN_12,0);
../Src/main.c(149): warning:  #188-D: enumerated type mixed with another type
  	HAL_GPIO_WritePin(GPIOD,GPIO_PIN_13,1);
../Src/main.c(151): warning:  #188-D: enumerated type mixed with another type
  	HAL_GPIO_WritePin(GPIOD,GPIO_PIN_13,0);
../Src/main.c(154): warning:  #188-D: enumerated type mixed with another type
  	HAL_GPIO_WritePin(GPIOD,GPIO_PIN_14,1);
../Src/main.c(156): warning:  #188-D: enumerated type mixed with another type
  	HAL_GPIO_WritePin(GPIOD,GPIO_PIN_14,0);
../Src/main.c: 12 warnings, 0 errors
linking...
Program Size: Code=9648 RO-data=460 RW-data=64 ZI-data=1168  
FromELF: creating hex file...
"rizprojet\rizprojet.axf" - 0 Error(s), 66 Warning(s).

<h2>Software Packages used:</h2>

Package Vendor: ARM
                http://www.keil.com/pack/ARM.CMSIS.5.3.0.pack
                ARM.CMSIS.5.3.0
                CMSIS (Cortex Microcontroller Software Interface Standard)
   * Component: CORE Version: 5.1.1

Package Vendor: Keil
                http://www.keil.com/pack/Keil.STM32F4xx_DFP.2.14.0.pack
                Keil.STM32F4xx_DFP.2.14.0
                STMicroelectronics STM32F4 Series Device Support, Drivers and Examples

<h2>Collection of Component include folders:</h2>
  .\RTE\_rizprojet
  E:\Keil_v5\ARM\PACK\ARM\CMSIS\5.3.0\CMSIS\Include
  E:\Keil_v5\ARM\PACK\Keil\STM32F4xx_DFP\2.14.0\Drivers\CMSIS\Device\ST\STM32F4xx\Include

<h2>Collection of Component Files used:</h2>

   * Component: ARM::CMSIS:CORE:5.1.1
Build Time Elapsed:  00:00:16
</pre>
</body>
</html>
